******************************************************************************
             TMS320C2000 Linker PC v6.4.2                      
******************************************************************************
>> Linked Wed Oct 07 17:07:50 2020

OUTPUT FILE NAME:   <Lab7.out>
ENTRY POINT SYMBOL: "_c_int00"  address: 0000d6af


MEMORY CONFIGURATION

         name            origin    length      used     unused   attr    fill
----------------------  --------  ---------  --------  --------  ----  --------
PAGE 0:
  BEGIN_M0              00000000   00000002  00000002  00000000  RWIX
  RAMLS4                0000a000   00000800  00000000  00000800  RWIX
  RAMLS5                0000a800   00000800  00000000  00000800  RWIX
  RAMGS0123             0000c000   00004000  00001a47  000025b9  RWIX
  BEGIN_FLASH           00080000   00000002  00000000  00000002  RWIX
  FLASH_A               00080002   00001ffe  00000000  00001ffe  RWIX
  FLASH_BCDEFGHIJKLMN   00082000   0003e000  00000000  0003e000  RWIX
  RESET                 003fffc0   00000002  00000000  00000002  R   

PAGE 1:
  BOOT_RSVD             00000002   0000004e  00000000  0000004e  RWIX
  RAMM0                 00000050   000003b0  0000006c  00000344  RWIX
  RAMM1                 00000400   00000400  00000200  00000200  RWIX
  ADCA_RESULT           00000b00   00000020  00000018  00000008  RWIX
  ADCB_RESULT           00000b20   00000020  00000018  00000008  RWIX
  ADCC_RESULT           00000b40   00000020  00000018  00000008  RWIX
  ADCD_RESULT           00000b60   00000020  00000018  00000008  RWIX
  CPU_TIMER0            00000c00   00000008  00000008  00000000  RWIX
  CPU_TIMER1            00000c08   00000008  00000008  00000000  RWIX
  CPU_TIMER2            00000c10   00000008  00000008  00000000  RWIX
  PIE_CTRL              00000ce0   00000020  0000001a  00000006  RWIX
  PIE_VECT              00000d00   00000200  000001c0  00000040  RWIX
  DMA                   00001000   00000200  000000e0  00000120  RWIX
  CLA1                  00001400   00000040  0000003e  00000002  RWIX
  CLA1_MSGRAMLOW        00001480   00000080  00000000  00000080  RWIX
  CLA1_MSGRAMHIGH       00001500   00000080  00000000  00000080  RWIX
  EPWM1                 00004000   00000100  00000100  00000000  RWIX
  EPWM2                 00004100   00000100  00000100  00000000  RWIX
  EPWM3                 00004200   00000100  00000100  00000000  RWIX
  EPWM4                 00004300   00000100  00000100  00000000  RWIX
  EPWM5                 00004400   00000100  00000100  00000000  RWIX
  EPWM6                 00004500   00000100  00000100  00000000  RWIX
  EPWM7                 00004600   00000100  00000100  00000000  RWIX
  EPWM8                 00004700   00000100  00000100  00000000  RWIX
  EPWM9                 00004800   00000100  00000100  00000000  RWIX
  EPWM10                00004900   00000100  00000100  00000000  RWIX
  EPWM11                00004a00   00000100  00000100  00000000  RWIX
  EPWM12                00004b00   00000100  00000100  00000000  RWIX
  ECAP1                 00005000   00000020  00000020  00000000  RWIX
  ECAP2                 00005020   00000020  00000020  00000000  RWIX
  ECAP3                 00005040   00000020  00000020  00000000  RWIX
  ECAP4                 00005060   00000020  00000020  00000000  RWIX
  ECAP5                 00005080   00000020  00000020  00000000  RWIX
  ECAP6                 000050a0   00000020  00000020  00000000  RWIX
  EQEP1                 00005100   00000040  00000022  0000001e  RWIX
  EQEP2                 00005140   00000040  00000022  0000001e  RWIX
  EQEP3                 00005180   00000040  00000022  0000001e  RWIX
  DACA                  00005c00   00000010  00000008  00000008  RWIX
  DACB                  00005c10   00000010  00000008  00000008  RWIX
  DACC                  00005c20   00000010  00000008  00000008  RWIX
  CMPSS1                00005c80   00000020  00000020  00000000  RWIX
  CMPSS2                00005ca0   00000020  00000020  00000000  RWIX
  CMPSS3                00005cc0   00000020  00000020  00000000  RWIX
  CMPSS4                00005ce0   00000020  00000020  00000000  RWIX
  CMPSS5                00005d00   00000020  00000020  00000000  RWIX
  CMPSS6                00005d20   00000020  00000020  00000000  RWIX
  CMPSS7                00005d40   00000020  00000020  00000000  RWIX
  CMPSS8                00005d60   00000020  00000020  00000000  RWIX
  SDFM1                 00005e00   00000080  00000080  00000000  RWIX
  SDFM2                 00005e80   00000080  00000080  00000000  RWIX
  MCBSPA                00006000   00000040  00000024  0000001c  RWIX
  MCBSPB                00006040   00000040  00000024  0000001c  RWIX
  SPIA                  00006100   00000010  00000010  00000000  RWIX
  SPIB                  00006110   00000010  00000010  00000000  RWIX
  SPIC                  00006120   00000010  00000010  00000000  RWIX
  SPID                  00006130   00000010  00000000  00000010  RWIX
  UPP                   00006200   00000100  00000048  000000b8  RWIX
  WD                    00007000   00000040  0000002b  00000015  RWIX
  NMIINTRUPT            00007060   00000010  00000007  00000009  RWIX
  XINT                  00007070   00000010  0000000b  00000005  RWIX
  SCIA                  00007200   00000010  00000010  00000000  RWIX
  SCIB                  00007210   00000010  00000010  00000000  RWIX
  SCIC                  00007220   00000010  00000010  00000000  RWIX
  SCID                  00007230   00000010  00000010  00000000  RWIX
  I2CA                  00007300   00000040  00000022  0000001e  RWIX
  I2CB                  00007340   00000040  00000022  0000001e  RWIX
  ADCA                  00007400   00000080  00000080  00000000  RWIX
  ADCB                  00007480   00000080  00000080  00000000  RWIX
  ADCC                  00007500   00000080  00000080  00000000  RWIX
  ADCD                  00007580   00000080  00000080  00000000  RWIX
  INPUT_XBAR            00007900   00000020  00000020  00000000  RWIX
  XBAR                  00007920   00000020  00000020  00000000  RWIX
  TRIG                  00007940   00000010  00000006  0000000a  RWIX
  DMACLASRCSEL          00007980   00000040  0000001a  00000026  RWIX
  EPWM_XBAR             00007a00   00000040  00000040  00000000  RWIX
  CLB_XBAR              00007a40   00000040  00000000  00000040  RWIX
  OUTPUT_XBAR           00007a80   00000040  00000040  00000000  RWIX
  GPIOCTRL              00007c00   00000180  00000180  00000000  RWIX
  GPIODAT               00007f00   00000030  00000030  00000000  RWIX
  RAMLS0                00008000   00000800  00000000  00000800  RWIX
  RAMLS1                00008800   00000800  00000000  00000800  RWIX
  RAMLS2                00009000   00000800  00000000  00000800  RWIX
  RAMLS3                00009800   00000800  00000000  00000800  RWIX
  RAMD0                 0000b000   00000800  00000000  00000800  RWIX
  RAMD1                 0000b800   00000800  00000000  00000800  RWIX
  RAMGS4                00010000   00001000  00000000  00001000  RWIX
  RAMGS5                00011000   00001000  00000000  00001000  RWIX
  RAMGS6                00012000   00001000  00000000  00001000  RWIX
  RAMGS7                00013000   00001000  00000000  00001000  RWIX
  RAMGS89ABCDEF         00014000   00008000  00000000  00008000  RWIX
  EMIF1                 00047000   00000800  00000070  00000790  RWIX
  EMIF2                 00047800   00000800  00000070  00000790  RWIX
  IPC                   00050000   00001000  00000026  00000fda  RWIX
  DEV_CFG               0005d000   00000180  0000012e  00000052  RWIX
  ANALOG_SUBSYS         0005d180   00000080  00000048  00000038  RWIX
  CLK_CFG               0005d200   00000100  00000032  000000ce  RWIX
  CPU_SYS               0005d300   00000100  00000082  0000007e  RWIX
  ROMPREFETCH           0005e608   00000002  00000002  00000000  RWIX
  DCSM_Z1               0005f000   00000030  00000024  0000000c  RWIX
  DCSM_Z2               0005f040   00000030  00000024  0000000c  RWIX
  DCSM_COMMON           0005f070   00000010  00000008  00000008  RWIX
  MEMCFG                0005f400   00000080  00000080  00000000  RWIX
  EMIF1CONFIG           0005f480   00000020  00000020  00000000  RWIX
  EMIF2CONFIG           0005f4a0   00000020  00000020  00000000  RWIX
  ACCESSPROTECTION      0005f4c0   00000040  00000040  00000000  RWIX
  MEMORYERROR           0005f500   00000040  00000040  00000000  RWIX
  ROMWAITSTATE          0005f540   00000002  00000002  00000000  RWIX
  FLASH0_CTRL           0005f800   00000300  00000182  0000017e  RWIX
  FLASH0_ECC            0005fb00   00000040  00000028  00000018  RWIX
  DCSM_Z1_OTP           00078000   00000020  00000020  00000000  RWIX
  DCSM_Z2_OTP           00078200   00000020  00000020  00000000  RWIX


SECTION ALLOCATION MAP

 output                                  attributes/
section   page    origin      length       input sections
--------  ----  ----------  ----------   ----------------
codestart 
*          0    00000000    00000002     
                  00000000    00000002     CodeStartBranch.obj (codestart)

.text      0    0000c000    00001825     
                  0000c000    0000085c     DefaultIsr_7.obj (.text:retain)
                  0000c85c    00000841     Xbar.obj (.text)
                  0000d09d    0000037a     Gpio.obj (.text)
                  0000d417    000000dd     F2837xD_Adc.obj (.text)
                  0000d4f4    000000d2     SysCtrl.obj (.text)
                  0000d5c6    00000088     rts2800_fpu32.lib : fs_div.obj (.text)
                  0000d64e    00000061     EPwm.obj (.text)
                  0000d6af    00000046     rts2800_fpu32.lib : boot.obj (.text)
                  0000d6f5    0000003d     Adc.obj (.text)
                  0000d732    00000031     PieCtrl.obj (.text)
                  0000d763    00000020     ECap.obj (.text)
                  0000d783    0000001e     rts2800_fpu32.lib : memcpy.obj (.text)
                  0000d7a1    00000019                       : args_main.obj (.text)
                  0000d7ba    00000019                       : exit.obj (.text)
                  0000d7d3    00000015     Main_7.obj (.text)
                  0000d7e8    00000010     DelayUs.obj (.text)
                  0000d7f8    00000010     Watchdog.obj (.text)
                  0000d808    0000000d     Dac.obj (.text)
                  0000d815    00000009     rts2800_fpu32.lib : _lock.obj (.text)
                  0000d81e    00000007     CodeStartBranch.obj (.text)

.econst    0    0000d826    000001c0     
                  0000d826    000001c0     PieVect.obj (.econst)

.cinit     0    0000d9e6    00000062     
                  0000d9e6    00000040     DefaultIsr_7.obj (.cinit)
                  0000da26    0000000c     Main_7.obj (.cinit)
                  0000da32    0000000a     rts2800_fpu32.lib : exit.obj (.cinit)
                  0000da3c    00000005                       : _lock.obj (.cinit:__lock)
                  0000da41    00000005                       : _lock.obj (.cinit:__unlock)
                  0000da46    00000002     --HOLE-- [fill = 0]

.bss       1    00000050    00000000     UNINITIALIZED

.ebss      1    00000050    0000006c     UNINITIALIZED
                  00000050    0000001c     DefaultIsr_7.obj (.ebss)
                  0000006c    00000004     rts2800_fpu32.lib : exit.obj (.ebss)
                  00000070    00000002                       : _lock.obj (.ebss:__lock)
                  00000072    00000002                       : _lock.obj (.ebss:__unlock)
                  00000074    0000000c     --HOLE--
                  00000080    0000003c     Main_7.obj (.ebss)

.stack     1    00000400    00000200     UNINITIALIZED
                  00000400    00000200     --HOLE--

AdcaResultFile 
*          1    00000b00    00000018     UNINITIALIZED
                  00000b00    00000018     F2837xD_GlobalVariableDefs.obj (AdcaResultFile)

AdcbResultFile 
*          1    00000b20    00000018     UNINITIALIZED
                  00000b20    00000018     F2837xD_GlobalVariableDefs.obj (AdcbResultFile)

AdccResultFile 
*          1    00000b40    00000018     UNINITIALIZED
                  00000b40    00000018     F2837xD_GlobalVariableDefs.obj (AdccResultFile)

AdcdResultFile 
*          1    00000b60    00000018     UNINITIALIZED
                  00000b60    00000018     F2837xD_GlobalVariableDefs.obj (AdcdResultFile)

CpuTimer0RegsFile 
*          1    00000c00    00000008     UNINITIALIZED
                  00000c00    00000008     F2837xD_GlobalVariableDefs.obj (CpuTimer0RegsFile)

CpuTimer1RegsFile 
*          1    00000c08    00000008     UNINITIALIZED
                  00000c08    00000008     F2837xD_GlobalVariableDefs.obj (CpuTimer1RegsFile)

CpuTimer2RegsFile 
*          1    00000c10    00000008     UNINITIALIZED
                  00000c10    00000008     F2837xD_GlobalVariableDefs.obj (CpuTimer2RegsFile)

PieCtrlRegsFile 
*          1    00000ce0    0000001a     UNINITIALIZED
                  00000ce0    0000001a     F2837xD_GlobalVariableDefs.obj (PieCtrlRegsFile)

PieVectTableFile 
*          1    00000d00    000001c0     UNINITIALIZED
                  00000d00    000001c0     F2837xD_GlobalVariableDefs.obj (PieVectTableFile)

EmuKeyVar 
*          1    00000d00    00000001     UNINITIALIZED
                  00000d00    00000001     F2837xD_GlobalVariableDefs.obj (EmuKeyVar)

EmuBModeVar 
*          1    00000d01    00000001     UNINITIALIZED
                  00000d01    00000001     F2837xD_GlobalVariableDefs.obj (EmuBModeVar)

FlashCallbackVar 
*          1    00000d02    00000000     UNINITIALIZED

FlashScalingVar 
*          1    00000d02    00000000     UNINITIALIZED

DmaRegsFile 
*          1    00001000    000000e0     UNINITIALIZED
                  00001000    000000e0     F2837xD_GlobalVariableDefs.obj (DmaRegsFile)

Cla1RegsFile 
*          1    00001400    0000003e     UNINITIALIZED
                  00001400    0000003e     F2837xD_GlobalVariableDefs.obj (Cla1RegsFile)

EPwm1RegsFile 
*          1    00004000    00000100     UNINITIALIZED
                  00004000    00000100     F2837xD_GlobalVariableDefs.obj (EPwm1RegsFile)

EPwm2RegsFile 
*          1    00004100    00000100     UNINITIALIZED
                  00004100    00000100     F2837xD_GlobalVariableDefs.obj (EPwm2RegsFile)

EPwm3RegsFile 
*          1    00004200    00000100     UNINITIALIZED
                  00004200    00000100     F2837xD_GlobalVariableDefs.obj (EPwm3RegsFile)

EPwm4RegsFile 
*          1    00004300    00000100     UNINITIALIZED
                  00004300    00000100     F2837xD_GlobalVariableDefs.obj (EPwm4RegsFile)

EPwm5RegsFile 
*          1    00004400    00000100     UNINITIALIZED
                  00004400    00000100     F2837xD_GlobalVariableDefs.obj (EPwm5RegsFile)

EPwm6RegsFile 
*          1    00004500    00000100     UNINITIALIZED
                  00004500    00000100     F2837xD_GlobalVariableDefs.obj (EPwm6RegsFile)

EPwm7RegsFile 
*          1    00004600    00000100     UNINITIALIZED
                  00004600    00000100     F2837xD_GlobalVariableDefs.obj (EPwm7RegsFile)

EPwm8RegsFile 
*          1    00004700    00000100     UNINITIALIZED
                  00004700    00000100     F2837xD_GlobalVariableDefs.obj (EPwm8RegsFile)

EPwm9RegsFile 
*          1    00004800    00000100     UNINITIALIZED
                  00004800    00000100     F2837xD_GlobalVariableDefs.obj (EPwm9RegsFile)

EPwm10RegsFile 
*          1    00004900    00000100     UNINITIALIZED
                  00004900    00000100     F2837xD_GlobalVariableDefs.obj (EPwm10RegsFile)

EPwm11RegsFile 
*          1    00004a00    00000100     UNINITIALIZED
                  00004a00    00000100     F2837xD_GlobalVariableDefs.obj (EPwm11RegsFile)

EPwm12RegsFile 
*          1    00004b00    00000100     UNINITIALIZED
                  00004b00    00000100     F2837xD_GlobalVariableDefs.obj (EPwm12RegsFile)

ECap1RegsFile 
*          1    00005000    00000020     UNINITIALIZED
                  00005000    00000020     F2837xD_GlobalVariableDefs.obj (ECap1RegsFile)

ECap2RegsFile 
*          1    00005020    00000020     UNINITIALIZED
                  00005020    00000020     F2837xD_GlobalVariableDefs.obj (ECap2RegsFile)

ECap3RegsFile 
*          1    00005040    00000020     UNINITIALIZED
                  00005040    00000020     F2837xD_GlobalVariableDefs.obj (ECap3RegsFile)

ECap4RegsFile 
*          1    00005060    00000020     UNINITIALIZED
                  00005060    00000020     F2837xD_GlobalVariableDefs.obj (ECap4RegsFile)

ECap5RegsFile 
*          1    00005080    00000020     UNINITIALIZED
                  00005080    00000020     F2837xD_GlobalVariableDefs.obj (ECap5RegsFile)

ECap6RegsFile 
*          1    000050a0    00000020     UNINITIALIZED
                  000050a0    00000020     F2837xD_GlobalVariableDefs.obj (ECap6RegsFile)

EQep1RegsFile 
*          1    00005100    00000022     UNINITIALIZED
                  00005100    00000022     F2837xD_GlobalVariableDefs.obj (EQep1RegsFile)

EQep2RegsFile 
*          1    00005140    00000022     UNINITIALIZED
                  00005140    00000022     F2837xD_GlobalVariableDefs.obj (EQep2RegsFile)

EQep3RegsFile 
*          1    00005180    00000022     UNINITIALIZED
                  00005180    00000022     F2837xD_GlobalVariableDefs.obj (EQep3RegsFile)

DacaRegsFile 
*          1    00005c00    00000008     UNINITIALIZED
                  00005c00    00000008     F2837xD_GlobalVariableDefs.obj (DacaRegsFile)

DacbRegsFile 
*          1    00005c10    00000008     UNINITIALIZED
                  00005c10    00000008     F2837xD_GlobalVariableDefs.obj (DacbRegsFile)

DaccRegsFile 
*          1    00005c20    00000008     UNINITIALIZED
                  00005c20    00000008     F2837xD_GlobalVariableDefs.obj (DaccRegsFile)

Cmpss1RegsFile 
*          1    00005c80    00000020     UNINITIALIZED
                  00005c80    00000020     F2837xD_GlobalVariableDefs.obj (Cmpss1RegsFile)

Cmpss2RegsFile 
*          1    00005ca0    00000020     UNINITIALIZED
                  00005ca0    00000020     F2837xD_GlobalVariableDefs.obj (Cmpss2RegsFile)

Cmpss3RegsFile 
*          1    00005cc0    00000020     UNINITIALIZED
                  00005cc0    00000020     F2837xD_GlobalVariableDefs.obj (Cmpss3RegsFile)

Cmpss4RegsFile 
*          1    00005ce0    00000020     UNINITIALIZED
                  00005ce0    00000020     F2837xD_GlobalVariableDefs.obj (Cmpss4RegsFile)

Cmpss5RegsFile 
*          1    00005d00    00000020     UNINITIALIZED
                  00005d00    00000020     F2837xD_GlobalVariableDefs.obj (Cmpss5RegsFile)

Cmpss6RegsFile 
*          1    00005d20    00000020     UNINITIALIZED
                  00005d20    00000020     F2837xD_GlobalVariableDefs.obj (Cmpss6RegsFile)

Cmpss7RegsFile 
*          1    00005d40    00000020     UNINITIALIZED
                  00005d40    00000020     F2837xD_GlobalVariableDefs.obj (Cmpss7RegsFile)

Cmpss8RegsFile 
*          1    00005d60    00000020     UNINITIALIZED
                  00005d60    00000020     F2837xD_GlobalVariableDefs.obj (Cmpss8RegsFile)

Sdfm1RegsFile 
*          1    00005e00    00000080     UNINITIALIZED
                  00005e00    00000080     F2837xD_GlobalVariableDefs.obj (Sdfm1RegsFile)

Sdfm2RegsFile 
*          1    00005e80    00000080     UNINITIALIZED
                  00005e80    00000080     F2837xD_GlobalVariableDefs.obj (Sdfm2RegsFile)

McbspaRegsFile 
*          1    00006000    00000024     UNINITIALIZED
                  00006000    00000024     F2837xD_GlobalVariableDefs.obj (McbspaRegsFile)

McbspbRegsFile 
*          1    00006040    00000024     UNINITIALIZED
                  00006040    00000024     F2837xD_GlobalVariableDefs.obj (McbspbRegsFile)

SpiaRegsFile 
*          1    00006100    00000010     UNINITIALIZED
                  00006100    00000010     F2837xD_GlobalVariableDefs.obj (SpiaRegsFile)

SpibRegsFile 
*          1    00006110    00000010     UNINITIALIZED
                  00006110    00000010     F2837xD_GlobalVariableDefs.obj (SpibRegsFile)

SpicRegsFile 
*          1    00006120    00000010     UNINITIALIZED
                  00006120    00000010     F2837xD_GlobalVariableDefs.obj (SpicRegsFile)

UppRegsFile 
*          1    00006200    00000048     UNINITIALIZED
                  00006200    00000048     F2837xD_GlobalVariableDefs.obj (UppRegsFile)

WdRegsFile 
*          1    00007000    0000002b     UNINITIALIZED
                  00007000    0000002b     F2837xD_GlobalVariableDefs.obj (WdRegsFile)

NmiIntruptRegsFile 
*          1    00007060    00000007     UNINITIALIZED
                  00007060    00000007     F2837xD_GlobalVariableDefs.obj (NmiIntruptRegsFile)

XintRegsFile 
*          1    00007070    0000000b     UNINITIALIZED
                  00007070    0000000b     F2837xD_GlobalVariableDefs.obj (XintRegsFile)

SciaRegsFile 
*          1    00007200    00000010     UNINITIALIZED
                  00007200    00000010     F2837xD_GlobalVariableDefs.obj (SciaRegsFile)

ScibRegsFile 
*          1    00007210    00000010     UNINITIALIZED
                  00007210    00000010     F2837xD_GlobalVariableDefs.obj (ScibRegsFile)

ScicRegsFile 
*          1    00007220    00000010     UNINITIALIZED
                  00007220    00000010     F2837xD_GlobalVariableDefs.obj (ScicRegsFile)

ScidRegsFile 
*          1    00007230    00000010     UNINITIALIZED
                  00007230    00000010     F2837xD_GlobalVariableDefs.obj (ScidRegsFile)

I2caRegsFile 
*          1    00007300    00000022     UNINITIALIZED
                  00007300    00000022     F2837xD_GlobalVariableDefs.obj (I2caRegsFile)

I2cbRegsFile 
*          1    00007340    00000022     UNINITIALIZED
                  00007340    00000022     F2837xD_GlobalVariableDefs.obj (I2cbRegsFile)

AdcaRegsFile 
*          1    00007400    00000080     UNINITIALIZED
                  00007400    00000080     F2837xD_GlobalVariableDefs.obj (AdcaRegsFile)

AdcbRegsFile 
*          1    00007480    00000080     UNINITIALIZED
                  00007480    00000080     F2837xD_GlobalVariableDefs.obj (AdcbRegsFile)

AdccRegsFile 
*          1    00007500    00000080     UNINITIALIZED
                  00007500    00000080     F2837xD_GlobalVariableDefs.obj (AdccRegsFile)

AdcdRegsFile 
*          1    00007580    00000080     UNINITIALIZED
                  00007580    00000080     F2837xD_GlobalVariableDefs.obj (AdcdRegsFile)

InputXbarRegsFile 
*          1    00007900    00000020     UNINITIALIZED
                  00007900    00000020     F2837xD_GlobalVariableDefs.obj (InputXbarRegsFile)

XbarRegsFile 
*          1    00007920    00000020     UNINITIALIZED
                  00007920    00000020     F2837xD_GlobalVariableDefs.obj (XbarRegsFile)

TrigRegsFile 
*          1    00007940    00000006     UNINITIALIZED
                  00007940    00000006     F2837xD_GlobalVariableDefs.obj (TrigRegsFile)

DmaClaSrcSelRegsFile 
*          1    00007980    0000001a     UNINITIALIZED
                  00007980    0000001a     F2837xD_GlobalVariableDefs.obj (DmaClaSrcSelRegsFile)

EPwmXbarRegsFile 
*          1    00007a00    00000040     UNINITIALIZED
                  00007a00    00000040     F2837xD_GlobalVariableDefs.obj (EPwmXbarRegsFile)

OutputXbarRegsFile 
*          1    00007a80    00000040     UNINITIALIZED
                  00007a80    00000040     F2837xD_GlobalVariableDefs.obj (OutputXbarRegsFile)

GpioCtrlRegsFile 
*          1    00007c00    00000180     UNINITIALIZED
                  00007c00    00000180     F2837xD_GlobalVariableDefs.obj (GpioCtrlRegsFile)

GpioDataRegsFile 
*          1    00007f00    00000030     UNINITIALIZED
                  00007f00    00000030     F2837xD_GlobalVariableDefs.obj (GpioDataRegsFile)

Emif1RegsFile 
*          1    00047000    00000070     UNINITIALIZED
                  00047000    00000070     F2837xD_GlobalVariableDefs.obj (Emif1RegsFile)

Emif2RegsFile 
*          1    00047800    00000070     UNINITIALIZED
                  00047800    00000070     F2837xD_GlobalVariableDefs.obj (Emif2RegsFile)

IpcRegsFile 
*          1    00050000    00000026     UNINITIALIZED
                  00050000    00000026     F2837xD_GlobalVariableDefs.obj (IpcRegsFile)

DevCfgRegsFile 
*          1    0005d000    0000012e     UNINITIALIZED
                  0005d000    0000012e     F2837xD_GlobalVariableDefs.obj (DevCfgRegsFile)

AnalogSubsysRegsFile 
*          1    0005d180    00000048     UNINITIALIZED
                  0005d180    00000048     F2837xD_GlobalVariableDefs.obj (AnalogSubsysRegsFile)

Cla1SoftIntRegsFile 
*          1    00000ce0    00000004     DSECT
                  00000ce0    00000004     F2837xD_GlobalVariableDefs.obj (Cla1SoftIntRegsFile)

ClkCfgRegsFile 
*          1    0005d200    00000032     UNINITIALIZED
                  0005d200    00000032     F2837xD_GlobalVariableDefs.obj (ClkCfgRegsFile)

CpuSysRegsFile 
*          1    0005d300    00000082     UNINITIALIZED
                  0005d300    00000082     F2837xD_GlobalVariableDefs.obj (CpuSysRegsFile)

RomPrefetchRegsFile 
*          1    0005e608    00000002     UNINITIALIZED
                  0005e608    00000002     F2837xD_GlobalVariableDefs.obj (RomPrefetchRegsFile)

DcsmZ1RegsFile 
*          1    0005f000    00000024     UNINITIALIZED
                  0005f000    00000024     F2837xD_GlobalVariableDefs.obj (DcsmZ1RegsFile)

DcsmZ2RegsFile 
*          1    0005f040    00000024     UNINITIALIZED
                  0005f040    00000024     F2837xD_GlobalVariableDefs.obj (DcsmZ2RegsFile)

DcsmCommonRegsFile 
*          1    0005f070    00000008     UNINITIALIZED
                  0005f070    00000008     F2837xD_GlobalVariableDefs.obj (DcsmCommonRegsFile)

MemCfgRegsFile 
*          1    0005f400    00000080     UNINITIALIZED
                  0005f400    00000080     F2837xD_GlobalVariableDefs.obj (MemCfgRegsFile)

Emif1ConfigRegsFile 
*          1    0005f480    00000020     UNINITIALIZED
                  0005f480    00000020     F2837xD_GlobalVariableDefs.obj (Emif1ConfigRegsFile)

Emif2ConfigRegsFile 
*          1    0005f4a0    00000020     UNINITIALIZED
                  0005f4a0    00000020     F2837xD_GlobalVariableDefs.obj (Emif2ConfigRegsFile)

AccessProtectionRegsFile 
*          1    0005f4c0    00000040     UNINITIALIZED
                  0005f4c0    00000040     F2837xD_GlobalVariableDefs.obj (AccessProtectionRegsFile)

MemoryErrorRegsFile 
*          1    0005f500    00000040     UNINITIALIZED
                  0005f500    00000040     F2837xD_GlobalVariableDefs.obj (MemoryErrorRegsFile)

RomWaitStateRegsFile 
*          1    0005f540    00000002     UNINITIALIZED
                  0005f540    00000002     F2837xD_GlobalVariableDefs.obj (RomWaitStateRegsFile)

Flash0CtrlRegsFile 
*          1    0005f800    00000182     UNINITIALIZED
                  0005f800    00000182     F2837xD_GlobalVariableDefs.obj (Flash0CtrlRegsFile)

Flash0EccRegsFile 
*          1    0005fb00    00000028     UNINITIALIZED
                  0005fb00    00000028     F2837xD_GlobalVariableDefs.obj (Flash0EccRegsFile)

DcsmZ1OtpFile 
*          1    00078000    00000020     NOLOAD SECTION
                  00078000    00000020     F2837xD_GlobalVariableDefs.obj (DcsmZ1OtpFile)

DcsmZ2OtpFile 
*          1    00078200    00000020     NOLOAD SECTION
                  00078200    00000020     F2837xD_GlobalVariableDefs.obj (DcsmZ2OtpFile)

.pinit     0    0000c000    00000000     UNINITIALIZED

.reset     0    003fffc0    00000002     DSECT
                  003fffc0    00000002     rts2800_fpu32.lib : boot.obj (.reset)


GLOBAL DATA SYMBOLS: SORTED BY DATA PAGE

address     data page           name
--------    ----------------    ----
0000006c       1 (00000040)     ___TI_cleanup_ptr
0000006e       1 (00000040)     ___TI_dtors_ptr
00000070       1 (00000040)     __lock
00000072       1 (00000040)     __unlock

00000080       2 (00000080)     _DacOffset
00000081       2 (00000080)     _DacOutput
00000082       2 (00000080)     _PWM_MODULATE
00000083       2 (00000080)     _SINE_ENABLE
00000084       2 (00000080)     _DEBUG_TOGGLE
00000086       2 (00000080)     _PwmDuty
00000088       2 (00000080)     _PwmPeriod
0000008a       2 (00000080)     _AdcBuf

00000400      10 (00000400)     __stack

00000b00      2c (00000b00)     _AdcaResultRegs
00000b20      2c (00000b00)     _AdcbResultRegs

00000b40      2d (00000b40)     _AdccResultRegs
00000b60      2d (00000b40)     _AdcdResultRegs

00000c00      30 (00000c00)     _CpuTimer0Regs
00000c08      30 (00000c00)     _CpuTimer1Regs
00000c10      30 (00000c00)     _CpuTimer2Regs

00000ce0      33 (00000cc0)     _Cla1SoftIntRegs
00000ce0      33 (00000cc0)     _PieCtrlRegs

00000d00      34 (00000d00)     _EmuKey
00000d00      34 (00000d00)     _PieVectTable
00000d01      34 (00000d00)     _EmuBMode

00001000      40 (00001000)     _DmaRegs

00001400      50 (00001400)     _Cla1Regs

00004000     100 (00004000)     _EPwm1Regs

00004100     104 (00004100)     _EPwm2Regs

00004200     108 (00004200)     _EPwm3Regs

00004300     10c (00004300)     _EPwm4Regs

00004400     110 (00004400)     _EPwm5Regs

00004500     114 (00004500)     _EPwm6Regs

00004600     118 (00004600)     _EPwm7Regs

00004700     11c (00004700)     _EPwm8Regs

00004800     120 (00004800)     _EPwm9Regs

00004900     124 (00004900)     _EPwm10Regs

00004a00     128 (00004a00)     _EPwm11Regs

00004b00     12c (00004b00)     _EPwm12Regs

00005000     140 (00005000)     _ECap1Regs
00005020     140 (00005000)     _ECap2Regs

00005040     141 (00005040)     _ECap3Regs
00005060     141 (00005040)     _ECap4Regs

00005080     142 (00005080)     _ECap5Regs
000050a0     142 (00005080)     _ECap6Regs

00005100     144 (00005100)     _EQep1Regs

00005140     145 (00005140)     _EQep2Regs

00005180     146 (00005180)     _EQep3Regs

00005c00     170 (00005c00)     _DacaRegs
00005c10     170 (00005c00)     _DacbRegs
00005c20     170 (00005c00)     _DaccRegs

00005c80     172 (00005c80)     _Cmpss1Regs
00005ca0     172 (00005c80)     _Cmpss2Regs

00005cc0     173 (00005cc0)     _Cmpss3Regs
00005ce0     173 (00005cc0)     _Cmpss4Regs

00005d00     174 (00005d00)     _Cmpss5Regs
00005d20     174 (00005d00)     _Cmpss6Regs

00005d40     175 (00005d40)     _Cmpss7Regs
00005d60     175 (00005d40)     _Cmpss8Regs

00005e00     178 (00005e00)     _Sdfm1Regs

00005e80     17a (00005e80)     _Sdfm2Regs

00006000     180 (00006000)     _McbspaRegs

00006040     181 (00006040)     _McbspbRegs

00006100     184 (00006100)     _SpiaRegs
00006110     184 (00006100)     _SpibRegs
00006120     184 (00006100)     _SpicRegs

00006200     188 (00006200)     _UppRegs

00007000     1c0 (00007000)     _WdRegs

00007060     1c1 (00007040)     _NmiIntruptRegs
00007070     1c1 (00007040)     _XintRegs

00007200     1c8 (00007200)     _SciaRegs
00007210     1c8 (00007200)     _ScibRegs
00007220     1c8 (00007200)     _ScicRegs
00007230     1c8 (00007200)     _ScidRegs

00007300     1cc (00007300)     _I2caRegs

00007340     1cd (00007340)     _I2cbRegs

00007400     1d0 (00007400)     _AdcaRegs

00007480     1d2 (00007480)     _AdcbRegs

00007500     1d4 (00007500)     _AdccRegs

00007580     1d6 (00007580)     _AdcdRegs

00007900     1e4 (00007900)     _InputXbarRegs
00007920     1e4 (00007900)     _XbarRegs

00007940     1e5 (00007940)     _TrigRegs

00007980     1e6 (00007980)     _DmaClaSrcSelRegs

00007a00     1e8 (00007a00)     _EPwmXbarRegs

00007a80     1ea (00007a80)     _OutputXbarRegs

00007c00     1f0 (00007c00)     _GpioCtrlRegs

00007f00     1fc (00007f00)     _GpioDataRegs

0000d826     360 (0000d800)     _PieVectTableInit

00047000    11c0 (00047000)     _Emif1Regs

00047800    11e0 (00047800)     _Emif2Regs

00050000    1400 (00050000)     _IpcRegs

0005d000    1740 (0005d000)     _DevCfgRegs

0005d180    1746 (0005d180)     _AnalogSubsysRegs

0005d200    1748 (0005d200)     _ClkCfgRegs

0005d300    174c (0005d300)     _CpuSysRegs

0005e608    1798 (0005e600)     _RomPrefetchRegs

0005f000    17c0 (0005f000)     _DcsmZ1Regs

0005f040    17c1 (0005f040)     _DcsmZ2Regs
0005f070    17c1 (0005f040)     _DcsmCommonRegs

0005f400    17d0 (0005f400)     _MemCfgRegs

0005f480    17d2 (0005f480)     _Emif1ConfigRegs
0005f4a0    17d2 (0005f480)     _Emif2ConfigRegs

0005f4c0    17d3 (0005f4c0)     _AccessProtectionRegs

0005f500    17d4 (0005f500)     _MemoryErrorRegs

0005f540    17d5 (0005f540)     _RomWaitStateRegs

0005f800    17e0 (0005f800)     _Flash0CtrlRegs

0005fb00    17ec (0005fb00)     _Flash0EccRegs

00078000    1e00 (00078000)     _DcsmZ1Otp

00078200    1e08 (00078200)     _DcsmZ2Otp


GLOBAL SYMBOLS: SORTED ALPHABETICALLY BY Name 

page  address   name                        
----  -------   ----                        
1     00000050  .bss                        
0     0000c000  .text                       
0     0000d7ba  C$$EXIT                     
0     0000d5c6  FS$$DIV                     
0     0000c0be  _ADCA1_ISR                  
0     0000c518  _ADCA2_ISR                  
0     0000c526  _ADCA3_ISR                  
0     0000c534  _ADCA4_ISR                  
0     0000c50a  _ADCA_EVT_ISR               
0     0000c191  _ADCB1_ISR                  
0     0000c550  _ADCB2_ISR                  
0     0000c55e  _ADCB3_ISR                  
0     0000c56c  _ADCB4_ISR                  
0     0000c542  _ADCB_EVT_ISR               
0     0000c19f  _ADCC1_ISR                  
0     0000c780  _ADCC2_ISR                  
0     0000c78e  _ADCC3_ISR                  
0     0000c79c  _ADCC4_ISR                  
0     0000c772  _ADCC_EVT_ISR               
0     0000c1c9  _ADCD1_ISR                  
0     0000c7b8  _ADCD2_ISR                  
0     0000c7c6  _ADCD3_ISR                  
0     0000c7d4  _ADCD4_ISR                  
0     0000c7aa  _ADCD_EVT_ISR               
0     0000c828  _AUX_PLL_SLIP_ISR           
1     0005f4c0  _AccessProtectionRegs       
1     0000008a  _AdcBuf                     
0     0000d417  _AdcSetMode                 
1     00007400  _AdcaRegs                   
1     00000b00  _AdcaResultRegs             
1     00007480  _AdcbRegs                   
1     00000b20  _AdcbResultRegs             
1     00007500  _AdccRegs                   
1     00000b40  _AdccResultRegs             
1     00007580  _AdcdRegs                   
1     00000b60  _AdcdResultRegs             
1     0005d180  _AnalogSubsysRegs           
0     0000c4d2  _CANA_1_ISR                 
0     0000c4e0  _CANA_2_ISR                 
0     0000c4ee  _CANB_1_ISR                 
0     0000c4fc  _CANB_2_ISR                 
0     0000c57a  _CLA1_1_ISR                 
0     0000c588  _CLA1_2_ISR                 
0     0000c596  _CLA1_3_ISR                 
0     0000c5a4  _CLA1_4_ISR                 
0     0000c5b2  _CLA1_5_ISR                 
0     0000c5c0  _CLA1_6_ISR                 
0     0000c5ce  _CLA1_7_ISR                 
0     0000c5dc  _CLA1_8_ISR                 
0     0000c836  _CLA_OVERFLOW_ISR           
0     0000c844  _CLA_UNDERFLOW_ISR          
0     0000d4ba  _CalAdcINL                  
1     00001400  _Cla1Regs                   
0     00000ce0  _Cla1SoftIntRegs            
1     0005d200  _ClkCfgRegs                 
1     00005c80  _Cmpss1Regs                 
1     00005ca0  _Cmpss2Regs                 
1     00005cc0  _Cmpss3Regs                 
1     00005ce0  _Cmpss4Regs                 
1     00005d00  _Cmpss5Regs                 
1     00005d20  _Cmpss6Regs                 
1     00005d40  _Cmpss7Regs                 
1     00005d60  _Cmpss8Regs                 
1     0005d300  _CpuSysRegs                 
1     00000c00  _CpuTimer0Regs              
1     00000c08  _CpuTimer1Regs              
1     00000c10  _CpuTimer2Regs              
0     0000c014  _DATALOG_ISR                
0     0000c72c  _DCANC_1_ISR                
0     0000c73a  _DCANC_2_ISR                
0     0000c748  _DCAND_1_ISR                
0     0000c756  _DCAND_2_ISR                
1     00000084  _DEBUG_TOGGLE               
0     0000c3d6  _DMA_CH1_ISR                
0     0000c3e4  _DMA_CH2_ISR                
0     0000c3f2  _DMA_CH3_ISR                
0     0000c400  _DMA_CH4_ISR                
0     0000c40e  _DMA_CH5_ISR                
0     0000c41c  _DMA_CH6_ISR                
1     00000080  _DacOffset                  
1     00000081  _DacOutput                  
1     00005c00  _DacaRegs                   
1     00005c10  _DacbRegs                   
1     00005c20  _DaccRegs                   
1     0005f070  _DcsmCommonRegs             
1     00078000  _DcsmZ1Otp                  
1     0005f000  _DcsmZ1Regs                 
1     00078200  _DcsmZ2Otp                  
1     0005f040  _DcsmZ2Regs                 
0     0000d7e8  _DelayUs                    
1     0005d000  _DevCfgRegs                 
1     00007980  _DmaClaSrcSelRegs           
1     00001000  _DmaRegs                    
0     0000c2d3  _ECAP1_ISR                  
0     0000c2f6  _ECAP2_ISR                  
0     0000c304  _ECAP3_ISR                  
0     0000c312  _ECAP4_ISR                  
0     0000c320  _ECAP5_ISR                  
0     0000c32e  _ECAP6_ISR                  
1     00005000  _ECap1Regs                  
1     00005020  _ECap2Regs                  
1     00005040  _ECap3Regs                  
1     00005060  _ECap4Regs                  
1     00005080  _ECap5Regs                  
1     000050a0  _ECap6Regs                  
0     0000c7e2  _EMIF_ERROR_ISR             
0     0000c028  _EMU_ISR                    
0     0000c6bc  _EPWM10_ISR                 
0     0000c684  _EPWM10_TZ_ISR              
0     0000c6ca  _EPWM11_ISR                 
0     0000c692  _EPWM11_TZ_ISR              
0     0000c6d8  _EPWM12_ISR                 
0     0000c6a0  _EPWM12_TZ_ISR              
0     0000c263  _EPWM1_ISR                  
0     0000c1f3  _EPWM1_TZ_ISR               
0     0000c271  _EPWM2_ISR                  
0     0000c201  _EPWM2_TZ_ISR               
0     0000c27f  _EPWM3_ISR                  
0     0000c20f  _EPWM3_TZ_ISR               
0     0000c28d  _EPWM4_ISR                  
0     0000c21d  _EPWM4_TZ_ISR               
0     0000c29b  _EPWM5_ISR                  
0     0000c22b  _EPWM5_TZ_ISR               
0     0000c2a9  _EPWM6_ISR                  
0     0000c239  _EPWM6_TZ_ISR               
0     0000c2b7  _EPWM7_ISR                  
0     0000c247  _EPWM7_TZ_ISR               
0     0000c2c5  _EPWM8_ISR                  
0     0000c255  _EPWM8_TZ_ISR               
0     0000c6ae  _EPWM9_ISR                  
0     0000c676  _EPWM9_TZ_ISR               
1     00004900  _EPwm10Regs                 
1     00004a00  _EPwm11Regs                 
1     00004b00  _EPwm12Regs                 
1     00004000  _EPwm1Regs                  
1     00004100  _EPwm2Regs                  
1     00004200  _EPwm3Regs                  
1     00004300  _EPwm4Regs                  
1     00004400  _EPwm5Regs                  
1     00004500  _EPwm6Regs                  
1     00004600  _EPwm7Regs                  
1     00004700  _EPwm8Regs                  
1     00004800  _EPwm9Regs                  
1     00007a00  _EPwmXbarRegs               
0     0000c33c  _EQEP1_ISR                  
0     0000c34a  _EQEP2_ISR                  
0     0000c358  _EQEP3_ISR                  
1     00005100  _EQep1Regs                  
1     00005140  _EQep2Regs                  
1     00005180  _EQep3Regs                  
1     0005f480  _Emif1ConfigRegs            
1     00047000  _Emif1Regs                  
1     0005f4a0  _Emif2ConfigRegs            
1     00047800  _Emif2Regs                  
1     00000d01  _EmuBMode                   
1     00000d00  _EmuKey                     
0     0000c7fe  _FLASH_CORRECTABLE_ERROR_ISR
0     0000c622  _FPU_OVERFLOW_ISR           
0     0000c630  _FPU_UNDERFLOW_ISR          
1     0005f800  _Flash0CtrlRegs             
1     0005fb00  _Flash0EccRegs              
1     00007c00  _GpioCtrlRegs               
1     00007f00  _GpioDataRegs               
0     0000c438  _I2CA_FIFO_ISR              
0     0000c42a  _I2CA_ISR                   
0     0000c454  _I2CB_FIFO_ISR              
0     0000c446  _I2CB_ISR                   
1     00007300  _I2caRegs                   
1     00007340  _I2cbRegs                   
0     0000c03c  _ILLEGAL_ISR                
0     0000c63e  _IPC0_ISR                   
0     0000c64c  _IPC1_ISR                   
0     0000c65a  _IPC2_ISR                   
0     0000c668  _IPC3_ISR                   
0     0000d6f5  _InitAdca                   
0     0000d808  _InitDacb                   
0     0000d763  _InitECap                   
0     0000d64e  _InitEPwm                   
0     0000d09d  _InitGpio                   
0     0000d732  _InitPieCtrl                
0     0000d4f4  _InitSysCtrl                
0     0000d7f8  _InitWatchdog               
0     0000c85c  _InitXbar                   
1     00007900  _InputXbarRegs              
1     00050000  _IpcRegs                    
0     0000c39e  _MCBSPA_RX_ISR              
0     0000c3ac  _MCBSPA_TX_ISR              
0     0000c3ba  _MCBSPB_RX_ISR              
0     0000c3c8  _MCBSPB_TX_ISR              
1     00006000  _McbspaRegs                 
1     00006040  _McbspbRegs                 
1     0005f400  _MemCfgRegs                 
1     0005f500  _MemoryErrorRegs            
0     0000c032  _NMI_ISR                    
1     00007060  _NmiIntruptRegs             
1     00007a80  _OutputXbarRegs             
0     0000c852  _PIE_RESERVED_ISR           
1     00000082  _PWM_MODULATE               
1     00000ce0  _PieCtrlRegs                
1     00000d00  _PieVectTable               
0     0000d826  _PieVectTableInit           
1     00000086  _PwmDuty                    
1     00000088  _PwmPeriod                  
0     0000c80c  _RAM_ACCESS_VIOLATION_ISR   
0     0000c7f0  _RAM_CORRECTABLE_ERROR_ISR  
0     0000c01e  _RTOS_ISR                   
1     0005e608  _RomPrefetchRegs            
1     0005f540  _RomWaitStateRegs           
0     0000c49a  _SCIA_RX_ISR                
0     0000c4a8  _SCIA_TX_ISR                
0     0000c4b6  _SCIB_RX_ISR                
0     0000c4c4  _SCIB_TX_ISR                
0     0000c462  _SCIC_RX_ISR                
0     0000c470  _SCIC_TX_ISR                
0     0000c47e  _SCID_RX_ISR                
0     0000c48c  _SCID_TX_ISR                
0     0000c6e6  _SD1_ISR                    
0     0000c6f4  _SD2_ISR                    
1     00000083  _SINE_ENABLE                
0     0000c366  _SPIA_RX_ISR                
0     0000c374  _SPIA_TX_ISR                
0     0000c382  _SPIB_RX_ISR                
0     0000c390  _SPIB_TX_ISR                
0     0000c702  _SPIC_RX_ISR                
0     0000c710  _SPIC_TX_ISR                
0     0000c81a  _SYS_PLL_SLIP_ISR           
1     00007200  _SciaRegs                   
1     00007210  _ScibRegs                   
1     00007220  _ScicRegs                   
1     00007230  _ScidRegs                   
1     00005e00  _Sdfm1Regs                  
1     00005e80  _Sdfm2Regs                  
1     00006100  _SpiaRegs                   
1     00006110  _SpibRegs                   
1     00006120  _SpicRegs                   
0     0000c1d7  _TIMER0_ISR                 
0     0000c000  _TIMER1_ISR                 
0     0000c00a  _TIMER2_ISR                 
1     00007940  _TrigRegs                   
0     0000c71e  _UPPA_ISR                   
0     0000c764  _USBA_ISR                   
0     0000c0a0  _USER10_ISR                 
0     0000c0aa  _USER11_ISR                 
0     0000c0b4  _USER12_ISR                 
0     0000c046  _USER1_ISR                  
0     0000c050  _USER2_ISR                  
0     0000c05a  _USER3_ISR                  
0     0000c064  _USER4_ISR                  
0     0000c06e  _USER5_ISR                  
0     0000c078  _USER6_ISR                  
0     0000c082  _USER7_ISR                  
0     0000c08c  _USER8_ISR                  
0     0000c096  _USER9_ISR                  
1     00006200  _UppRegs                    
0     0000c614  _VCU_ISR                    
0     0000c1e5  _WAKE_ISR                   
1     00007000  _WdRegs                     
0     0000c1ad  _XINT1_ISR                  
0     0000c1bb  _XINT2_ISR                  
0     0000c5ea  _XINT3_ISR                  
0     0000c5f8  _XINT4_ISR                  
0     0000c606  _XINT5_ISR                  
1     00007920  _XbarRegs                   
1     00007070  _XintRegs                   
1     00000600  __STACK_END                 
abs   00000200  __STACK_SIZE                
1     0000006c  ___TI_cleanup_ptr           
1     0000006e  ___TI_dtors_ptr             
abs   ffffffff  ___binit__                  
1     00000050  ___bss__                    
abs   ffffffff  ___c_args__                 
0     0000d9e6  ___cinit__                  
1     00000050  ___end__                    
0     0000d825  ___etext__                  
abs   ffffffff  ___pinit__                  
0     0000c000  ___text__                   
0     0000d7a1  __args_main                 
1     00000070  __lock                      
0     0000d81d  __nop                       
0     0000d819  __register_lock             
0     0000d815  __register_unlock           
1     00000400  __stack                     
1     00000072  __unlock                    
0     0000d7ba  _abort                      
0     0000d6af  _c_int00                    
0     0000d7bc  _exit                       
0     0000d7d3  _main                       
0     0000d783  _memcpy                     
abs   ffffffff  binit                       
0     0000d9e6  cinit                       
0     00000000  code_start                  
1     00000050  end                         
0     0000d825  etext                       
abs   ffffffff  pinit                       


GLOBAL SYMBOLS: SORTED BY Symbol Address 

page  address   name                        
----  -------   ----                        
0     00000000  code_start                  
0     00000ce0  _Cla1SoftIntRegs            
0     0000c000  .text                       
0     0000c000  _TIMER1_ISR                 
0     0000c000  ___text__                   
0     0000c00a  _TIMER2_ISR                 
0     0000c014  _DATALOG_ISR                
0     0000c01e  _RTOS_ISR                   
0     0000c028  _EMU_ISR                    
0     0000c032  _NMI_ISR                    
0     0000c03c  _ILLEGAL_ISR                
0     0000c046  _USER1_ISR                  
0     0000c050  _USER2_ISR                  
0     0000c05a  _USER3_ISR                  
0     0000c064  _USER4_ISR                  
0     0000c06e  _USER5_ISR                  
0     0000c078  _USER6_ISR                  
0     0000c082  _USER7_ISR                  
0     0000c08c  _USER8_ISR                  
0     0000c096  _USER9_ISR                  
0     0000c0a0  _USER10_ISR                 
0     0000c0aa  _USER11_ISR                 
0     0000c0b4  _USER12_ISR                 
0     0000c0be  _ADCA1_ISR                  
0     0000c191  _ADCB1_ISR                  
0     0000c19f  _ADCC1_ISR                  
0     0000c1ad  _XINT1_ISR                  
0     0000c1bb  _XINT2_ISR                  
0     0000c1c9  _ADCD1_ISR                  
0     0000c1d7  _TIMER0_ISR                 
0     0000c1e5  _WAKE_ISR                   
0     0000c1f3  _EPWM1_TZ_ISR               
0     0000c201  _EPWM2_TZ_ISR               
0     0000c20f  _EPWM3_TZ_ISR               
0     0000c21d  _EPWM4_TZ_ISR               
0     0000c22b  _EPWM5_TZ_ISR               
0     0000c239  _EPWM6_TZ_ISR               
0     0000c247  _EPWM7_TZ_ISR               
0     0000c255  _EPWM8_TZ_ISR               
0     0000c263  _EPWM1_ISR                  
0     0000c271  _EPWM2_ISR                  
0     0000c27f  _EPWM3_ISR                  
0     0000c28d  _EPWM4_ISR                  
0     0000c29b  _EPWM5_ISR                  
0     0000c2a9  _EPWM6_ISR                  
0     0000c2b7  _EPWM7_ISR                  
0     0000c2c5  _EPWM8_ISR                  
0     0000c2d3  _ECAP1_ISR                  
0     0000c2f6  _ECAP2_ISR                  
0     0000c304  _ECAP3_ISR                  
0     0000c312  _ECAP4_ISR                  
0     0000c320  _ECAP5_ISR                  
0     0000c32e  _ECAP6_ISR                  
0     0000c33c  _EQEP1_ISR                  
0     0000c34a  _EQEP2_ISR                  
0     0000c358  _EQEP3_ISR                  
0     0000c366  _SPIA_RX_ISR                
0     0000c374  _SPIA_TX_ISR                
0     0000c382  _SPIB_RX_ISR                
0     0000c390  _SPIB_TX_ISR                
0     0000c39e  _MCBSPA_RX_ISR              
0     0000c3ac  _MCBSPA_TX_ISR              
0     0000c3ba  _MCBSPB_RX_ISR              
0     0000c3c8  _MCBSPB_TX_ISR              
0     0000c3d6  _DMA_CH1_ISR                
0     0000c3e4  _DMA_CH2_ISR                
0     0000c3f2  _DMA_CH3_ISR                
0     0000c400  _DMA_CH4_ISR                
0     0000c40e  _DMA_CH5_ISR                
0     0000c41c  _DMA_CH6_ISR                
0     0000c42a  _I2CA_ISR                   
0     0000c438  _I2CA_FIFO_ISR              
0     0000c446  _I2CB_ISR                   
0     0000c454  _I2CB_FIFO_ISR              
0     0000c462  _SCIC_RX_ISR                
0     0000c470  _SCIC_TX_ISR                
0     0000c47e  _SCID_RX_ISR                
0     0000c48c  _SCID_TX_ISR                
0     0000c49a  _SCIA_RX_ISR                
0     0000c4a8  _SCIA_TX_ISR                
0     0000c4b6  _SCIB_RX_ISR                
0     0000c4c4  _SCIB_TX_ISR                
0     0000c4d2  _CANA_1_ISR                 
0     0000c4e0  _CANA_2_ISR                 
0     0000c4ee  _CANB_1_ISR                 
0     0000c4fc  _CANB_2_ISR                 
0     0000c50a  _ADCA_EVT_ISR               
0     0000c518  _ADCA2_ISR                  
0     0000c526  _ADCA3_ISR                  
0     0000c534  _ADCA4_ISR                  
0     0000c542  _ADCB_EVT_ISR               
0     0000c550  _ADCB2_ISR                  
0     0000c55e  _ADCB3_ISR                  
0     0000c56c  _ADCB4_ISR                  
0     0000c57a  _CLA1_1_ISR                 
0     0000c588  _CLA1_2_ISR                 
0     0000c596  _CLA1_3_ISR                 
0     0000c5a4  _CLA1_4_ISR                 
0     0000c5b2  _CLA1_5_ISR                 
0     0000c5c0  _CLA1_6_ISR                 
0     0000c5ce  _CLA1_7_ISR                 
0     0000c5dc  _CLA1_8_ISR                 
0     0000c5ea  _XINT3_ISR                  
0     0000c5f8  _XINT4_ISR                  
0     0000c606  _XINT5_ISR                  
0     0000c614  _VCU_ISR                    
0     0000c622  _FPU_OVERFLOW_ISR           
0     0000c630  _FPU_UNDERFLOW_ISR          
0     0000c63e  _IPC0_ISR                   
0     0000c64c  _IPC1_ISR                   
0     0000c65a  _IPC2_ISR                   
0     0000c668  _IPC3_ISR                   
0     0000c676  _EPWM9_TZ_ISR               
0     0000c684  _EPWM10_TZ_ISR              
0     0000c692  _EPWM11_TZ_ISR              
0     0000c6a0  _EPWM12_TZ_ISR              
0     0000c6ae  _EPWM9_ISR                  
0     0000c6bc  _EPWM10_ISR                 
0     0000c6ca  _EPWM11_ISR                 
0     0000c6d8  _EPWM12_ISR                 
0     0000c6e6  _SD1_ISR                    
0     0000c6f4  _SD2_ISR                    
0     0000c702  _SPIC_RX_ISR                
0     0000c710  _SPIC_TX_ISR                
0     0000c71e  _UPPA_ISR                   
0     0000c72c  _DCANC_1_ISR                
0     0000c73a  _DCANC_2_ISR                
0     0000c748  _DCAND_1_ISR                
0     0000c756  _DCAND_2_ISR                
0     0000c764  _USBA_ISR                   
0     0000c772  _ADCC_EVT_ISR               
0     0000c780  _ADCC2_ISR                  
0     0000c78e  _ADCC3_ISR                  
0     0000c79c  _ADCC4_ISR                  
0     0000c7aa  _ADCD_EVT_ISR               
0     0000c7b8  _ADCD2_ISR                  
0     0000c7c6  _ADCD3_ISR                  
0     0000c7d4  _ADCD4_ISR                  
0     0000c7e2  _EMIF_ERROR_ISR             
0     0000c7f0  _RAM_CORRECTABLE_ERROR_ISR  
0     0000c7fe  _FLASH_CORRECTABLE_ERROR_ISR
0     0000c80c  _RAM_ACCESS_VIOLATION_ISR   
0     0000c81a  _SYS_PLL_SLIP_ISR           
0     0000c828  _AUX_PLL_SLIP_ISR           
0     0000c836  _CLA_OVERFLOW_ISR           
0     0000c844  _CLA_UNDERFLOW_ISR          
0     0000c852  _PIE_RESERVED_ISR           
0     0000c85c  _InitXbar                   
0     0000d09d  _InitGpio                   
0     0000d417  _AdcSetMode                 
0     0000d4ba  _CalAdcINL                  
0     0000d4f4  _InitSysCtrl                
0     0000d5c6  FS$$DIV                     
0     0000d64e  _InitEPwm                   
0     0000d6af  _c_int00                    
0     0000d6f5  _InitAdca                   
0     0000d732  _InitPieCtrl                
0     0000d763  _InitECap                   
0     0000d783  _memcpy                     
0     0000d7a1  __args_main                 
0     0000d7ba  C$$EXIT                     
0     0000d7ba  _abort                      
0     0000d7bc  _exit                       
0     0000d7d3  _main                       
0     0000d7e8  _DelayUs                    
0     0000d7f8  _InitWatchdog               
0     0000d808  _InitDacb                   
0     0000d815  __register_unlock           
0     0000d819  __register_lock             
0     0000d81d  __nop                       
0     0000d825  ___etext__                  
0     0000d825  etext                       
0     0000d826  _PieVectTableInit           
0     0000d9e6  ___cinit__                  
0     0000d9e6  cinit                       
1     00000050  .bss                        
1     00000050  ___bss__                    
1     00000050  ___end__                    
1     00000050  end                         
1     0000006c  ___TI_cleanup_ptr           
1     0000006e  ___TI_dtors_ptr             
1     00000070  __lock                      
1     00000072  __unlock                    
1     00000080  _DacOffset                  
1     00000081  _DacOutput                  
1     00000082  _PWM_MODULATE               
1     00000083  _SINE_ENABLE                
1     00000084  _DEBUG_TOGGLE               
1     00000086  _PwmDuty                    
1     00000088  _PwmPeriod                  
1     0000008a  _AdcBuf                     
1     00000400  __stack                     
1     00000600  __STACK_END                 
1     00000b00  _AdcaResultRegs             
1     00000b20  _AdcbResultRegs             
1     00000b40  _AdccResultRegs             
1     00000b60  _AdcdResultRegs             
1     00000c00  _CpuTimer0Regs              
1     00000c08  _CpuTimer1Regs              
1     00000c10  _CpuTimer2Regs              
1     00000ce0  _PieCtrlRegs                
1     00000d00  _EmuKey                     
1     00000d00  _PieVectTable               
1     00000d01  _EmuBMode                   
1     00001000  _DmaRegs                    
1     00001400  _Cla1Regs                   
1     00004000  _EPwm1Regs                  
1     00004100  _EPwm2Regs                  
1     00004200  _EPwm3Regs                  
1     00004300  _EPwm4Regs                  
1     00004400  _EPwm5Regs                  
1     00004500  _EPwm6Regs                  
1     00004600  _EPwm7Regs                  
1     00004700  _EPwm8Regs                  
1     00004800  _EPwm9Regs                  
1     00004900  _EPwm10Regs                 
1     00004a00  _EPwm11Regs                 
1     00004b00  _EPwm12Regs                 
1     00005000  _ECap1Regs                  
1     00005020  _ECap2Regs                  
1     00005040  _ECap3Regs                  
1     00005060  _ECap4Regs                  
1     00005080  _ECap5Regs                  
1     000050a0  _ECap6Regs                  
1     00005100  _EQep1Regs                  
1     00005140  _EQep2Regs                  
1     00005180  _EQep3Regs                  
1     00005c00  _DacaRegs                   
1     00005c10  _DacbRegs                   
1     00005c20  _DaccRegs                   
1     00005c80  _Cmpss1Regs                 
1     00005ca0  _Cmpss2Regs                 
1     00005cc0  _Cmpss3Regs                 
1     00005ce0  _Cmpss4Regs                 
1     00005d00  _Cmpss5Regs                 
1     00005d20  _Cmpss6Regs                 
1     00005d40  _Cmpss7Regs                 
1     00005d60  _Cmpss8Regs                 
1     00005e00  _Sdfm1Regs                  
1     00005e80  _Sdfm2Regs                  
1     00006000  _McbspaRegs                 
1     00006040  _McbspbRegs                 
1     00006100  _SpiaRegs                   
1     00006110  _SpibRegs                   
1     00006120  _SpicRegs                   
1     00006200  _UppRegs                    
1     00007000  _WdRegs                     
1     00007060  _NmiIntruptRegs             
1     00007070  _XintRegs                   
1     00007200  _SciaRegs                   
1     00007210  _ScibRegs                   
1     00007220  _ScicRegs                   
1     00007230  _ScidRegs                   
1     00007300  _I2caRegs                   
1     00007340  _I2cbRegs                   
1     00007400  _AdcaRegs                   
1     00007480  _AdcbRegs                   
1     00007500  _AdccRegs                   
1     00007580  _AdcdRegs                   
1     00007900  _InputXbarRegs              
1     00007920  _XbarRegs                   
1     00007940  _TrigRegs                   
1     00007980  _DmaClaSrcSelRegs           
1     00007a00  _EPwmXbarRegs               
1     00007a80  _OutputXbarRegs             
1     00007c00  _GpioCtrlRegs               
1     00007f00  _GpioDataRegs               
1     00047000  _Emif1Regs                  
1     00047800  _Emif2Regs                  
1     00050000  _IpcRegs                    
1     0005d000  _DevCfgRegs                 
1     0005d180  _AnalogSubsysRegs           
1     0005d200  _ClkCfgRegs                 
1     0005d300  _CpuSysRegs                 
1     0005e608  _RomPrefetchRegs            
1     0005f000  _DcsmZ1Regs                 
1     0005f040  _DcsmZ2Regs                 
1     0005f070  _DcsmCommonRegs             
1     0005f400  _MemCfgRegs                 
1     0005f480  _Emif1ConfigRegs            
1     0005f4a0  _Emif2ConfigRegs            
1     0005f4c0  _AccessProtectionRegs       
1     0005f500  _MemoryErrorRegs            
1     0005f540  _RomWaitStateRegs           
1     0005f800  _Flash0CtrlRegs             
1     0005fb00  _Flash0EccRegs              
1     00078000  _DcsmZ1Otp                  
1     00078200  _DcsmZ2Otp                  
abs   00000200  __STACK_SIZE                
abs   ffffffff  ___binit__                  
abs   ffffffff  ___c_args__                 
abs   ffffffff  ___pinit__                  
abs   ffffffff  binit                       
abs   ffffffff  pinit                       

[294 symbols]
